// Jest Snapshot v1, https://goo.gl/fbAQLP

exports[`CookieBannerContent component should be rendered 1`] = `
<div
  className="react-cookie-law-dialog "
  style={
    Object {
      "backgroundColor": "#f8f7f7",
      "left": "0",
      "padding": "10px",
      "position": "fixed",
      "right": "0",
      "top": "0",
      "zIndex": "100000",
    }
  }
>
  <div
    className="react-cookie-law-container"
    style={
      Object {
        "marginLeft": "auto",
        "marginRight": "auto",
        "maxWidth": "960px",
        "overflow": "hidden",
      }
    }
  >
    <div
      className="react-cookie-law-msg"
      style={
        Object {
          "color": "#000000",
          "fontSize": "10pt",
          "fontWeight": "400",
          "lineHeight": "130%",
          "minHeight": "32px",
          "padding": "10px 0",
        }
      }
    >
      Custom text
    </div>
    <div
      className="react-cookie-law-select-pane"
      style={
        Object {
          "display": "table-cell",
          "padding": "3px 0px 10px 0px",
        }
      }
    >
      <CookieOption
        checked={true}
        disabled={true}
        id="check-required-cookies"
        styles={
          Object {
            "checkboxStyle": Object {
              "cursor": "pointer",
              "height": "14px",
              "left": "0",
              "position": "absolute",
              "top": "4px",
              "width": "14px",
              "zIndex": "2",
            },
            "optionLabelStyle": Object {
              "color": "#c6c6c6",
              "cursor": "default",
              "display": "inline-block",
              "fontSize": "12pt",
              "height": "auto",
              "left": "0",
              "minHeight": "14px",
              "padding": "1px 0 0 20px",
              "position": "relative",
              "top": "0",
              "verticalAlign": "top",
              "width": "auto",
              "zIndex": "1",
            },
            "optionWrapperStyle": Object {
              "display": "inline-block",
              "float": "left",
              "marginLeft": "7px",
              "marginRight": "7px",
              "position": "relative",
            },
          }
        }
        text="Necessary"
      />
      <CookieOption
        checked={true}
        id="check-preferences-cookies"
        onChange={[Function]}
        styles={
          Object {
            "checkboxStyle": Object {
              "cursor": "pointer",
              "height": "14px",
              "left": "0",
              "position": "absolute",
              "top": "4px",
              "width": "14px",
              "zIndex": "2",
            },
            "optionLabelStyle": Object {
              "color": "#c6c6c6",
              "cursor": "default",
              "display": "inline-block",
              "fontSize": "12pt",
              "height": "auto",
              "left": "0",
              "minHeight": "14px",
              "padding": "1px 0 0 20px",
              "position": "relative",
              "top": "0",
              "verticalAlign": "top",
              "width": "auto",
              "zIndex": "1",
            },
            "optionWrapperStyle": Object {
              "display": "inline-block",
              "float": "left",
              "marginLeft": "7px",
              "marginRight": "7px",
              "position": "relative",
            },
          }
        }
        text="Preferences"
      />
      <CookieOption
        checked={true}
        id="check-statistics-cookies"
        onChange={[Function]}
        styles={
          Object {
            "checkboxStyle": Object {
              "cursor": "pointer",
              "height": "14px",
              "left": "0",
              "position": "absolute",
              "top": "4px",
              "width": "14px",
              "zIndex": "2",
            },
            "optionLabelStyle": Object {
              "color": "#c6c6c6",
              "cursor": "default",
              "display": "inline-block",
              "fontSize": "12pt",
              "height": "auto",
              "left": "0",
              "minHeight": "14px",
              "padding": "1px 0 0 20px",
              "position": "relative",
              "top": "0",
              "verticalAlign": "top",
              "width": "auto",
              "zIndex": "1",
            },
            "optionWrapperStyle": Object {
              "display": "inline-block",
              "float": "left",
              "marginLeft": "7px",
              "marginRight": "7px",
              "position": "relative",
            },
          }
        }
        text="Statistics"
      />
      <CookieOption
        id="check-marketing-cookies"
        onChange={[Function]}
        styles={
          Object {
            "checkboxStyle": Object {
              "cursor": "pointer",
              "height": "14px",
              "left": "0",
              "position": "absolute",
              "top": "4px",
              "width": "14px",
              "zIndex": "2",
            },
            "optionLabelStyle": Object {
              "color": "#c6c6c6",
              "cursor": "default",
              "display": "inline-block",
              "fontSize": "12pt",
              "height": "auto",
              "left": "0",
              "minHeight": "14px",
              "padding": "1px 0 0 20px",
              "position": "relative",
              "top": "0",
              "verticalAlign": "top",
              "width": "auto",
              "zIndex": "1",
            },
            "optionWrapperStyle": Object {
              "display": "inline-block",
              "float": "left",
              "marginLeft": "7px",
              "marginRight": "7px",
              "position": "relative",
            },
          }
        }
        text="Marketing"
      />
    </div>
    <a
      className="react-cookie-law-policy"
      href="/#"
      style={
        Object {
          "color": "#000000",
          "fontSize": "10pt",
          "marginLeft": "10px",
          "textDecoration": "underline",
        }
      }
    >
      Privacy Policy
    </a>
    <div
      className="react-cookie-law-button-wrapper"
      style={
        Object {
          "float": "right",
        }
      }
    >
      <button
        className="react-cookie-law-accept-btn"
        onClick={[Function]}
        style={
          Object {
            "backgroundColor": "#000000",
            "color": "#ffffff",
            "cursor": "pointer",
            "display": "inline-block",
            "fontSize": "10pt",
            "fontWeight": "400",
            "marginLeft": "5px",
            "marginRight": "5px",
            "minWidth": "80px",
            "padding": "3px",
            "textAlign": "center",
            "textDecoration": "none",
            "whiteSpace": "nowrap",
          }
        }
        type="button"
      >
        <span>
          Accept
        </span>
      </button>
    </div>
  </div>
</div>
`;
